Started by user admin
Obtained Jenkinsfile.Elias-Bahamondes from git https://github.com/Cockfla/lab3.git
[Pipeline] Start of Pipeline
[Pipeline] readTrusted
Obtained agent.yaml from git https://github.com/Cockfla/lab3.git
[Pipeline] podTemplate
[Pipeline] {
[Pipeline] node
Created Pod: kubernetes jenkins/lab3-elias-bahamondes-2-3176n-sjd28-nhg04
[PodInfo] jenkins/lab3-elias-bahamondes-2-3176n-sjd28-nhg04
	Container [dind] waiting [ContainerCreating] No message
	Container [docker] waiting [ContainerCreating] No message
	Container [jnlp] waiting [ContainerCreating] No message
	Container [kubectl] waiting [ContainerCreating] No message
	Container [node] waiting [ContainerCreating] No message
	Pod [Pending][ContainersNotReady] containers with unready status: [node docker dind kubectl jnlp]
[PodInfo] jenkins/lab3-elias-bahamondes-2-3176n-sjd28-nhg04
	Container [dind] waiting [ContainerCreating] No message
	Container [docker] waiting [ContainerCreating] No message
	Container [jnlp] waiting [ContainerCreating] No message
	Container [kubectl] waiting [ContainerCreating] No message
	Container [node] waiting [ContainerCreating] No message
	Pod [Pending][ContainersNotReady] containers with unready status: [node docker dind kubectl jnlp]
Agent lab3-elias-bahamondes-2-3176n-sjd28-nhg04 is provisioned from template lab3-elias-bahamondes_2-3176n-sjd28
---
apiVersion: "v1"
kind: "Pod"
metadata:
  annotations:
    kubernetes.jenkins.io/last-refresh: "1791155951883"
    buildUrl: "http://jenkins.jenkins.svc.cluster.local:8080/job/lab3-elias-bahamondes/2/"
    runUrl: "job/lab3-elias-bahamondes/2/"
  labels:
    jenkins-agent: "agent-elias-bahamondes"
    jenkins: "slave"
    jenkins/label-digest: "18abfc4541f50d81e973c2c5c31b78da65ad6049"
    jenkins/label: "lab3-elias-bahamondes_2-3176n"
    kubernetes.jenkins.io/controller: "http___jenkins_jenkins_svc_cluster_local_8080x"
  name: "lab3-elias-bahamondes-2-3176n-sjd28-nhg04"
  namespace: "jenkins"
spec:
  containers:
  - args:
    - "infinity"
    command:
    - "sleep"
    image: "node:24-alpine"
    name: "node"
    resources:
      requests:
        cpu: "250m"
        memory: "512Mi"
    volumeMounts:
    - mountPath: "/home/jenkins/agent"
      name: "workspace-volume"
      readOnly: false
  - args:
    - "infinity"
    command:
    - "sleep"
    env:
    - name: "DOCKER_HOST"
      value: "tcp://localhost:2375"
    image: "docker:29-cli"
    name: "docker"
    volumeMounts:
    - mountPath: "/home/jenkins/agent"
      name: "workspace-volume"
      readOnly: false
  - args:
    - "--host=tcp://0.0.0.0:2375"
    env:
    - name: "DOCKER_TLS_CERTDIR"
      value: ""
    image: "docker:29-dind"
    name: "dind"
    securityContext:
      privileged: true
    volumeMounts:
    - mountPath: "/var/lib/docker"
      name: "dind-storage"
    - mountPath: "/home/jenkins/agent"
      name: "workspace-volume"
      readOnly: false
  - args:
    - "infinity"
    command:
    - "sleep"
    image: "alpine/k8s:1.34.12"
    name: "kubectl"
    volumeMounts:
    - mountPath: "/home/jenkins/agent"
      name: "workspace-volume"
      readOnly: false
  - env:
    - name: "JENKINS_SECRET"
      value: "********"
    - name: "JENKINS_AGENT_NAME"
      value: "lab3-elias-bahamondes-2-3176n-sjd28-nhg04"
    - name: "JENKINS_WEB_SOCKET"
      value: "true"
    - name: "REMOTING_OPTS"
      value: "-noReconnectAfter 1d"
    - name: "JENKINS_NAME"
      value: "lab3-elias-bahamondes-2-3176n-sjd28-nhg04"
    - name: "JENKINS_AGENT_WORKDIR"
      value: "/home/jenkins/agent"
    - name: "JENKINS_URL"
      value: "http://jenkins.jenkins.svc.cluster.local:8080/"
    image: "jenkins/inbound-agent:3391.va_37fa_a_305d6d-1-jdk25"
    name: "jnlp"
    resources:
      requests:
        memory: "256Mi"
        cpu: "100m"
    volumeMounts:
    - mountPath: "/home/jenkins/agent"
      name: "workspace-volume"
      readOnly: false
  nodeSelector:
    kubernetes.io/os: "linux"
  restartPolicy: "Never"
  serviceAccountName: "jenkins-deployer-elias-bahamondes"
  volumes:
  - emptyDir: {}
    name: "dind-storage"
  - emptyDir:
      medium: ""
    name: "workspace-volume"

Running on lab3-elias-bahamondes-2-3176n-sjd28-nhg04 in /home/jenkins/agent/workspace/lab3-elias-bahamondes
[Pipeline] {
[Pipeline] stage
[Pipeline] { (Declarative: Checkout SCM)
[Pipeline] checkout
Selected Git installation does not exist. Using Default
The recommended git tool is: NONE
No credentials specified
Cloning the remote Git repository
Cloning repository https://github.com/Cockfla/lab3.git
 > git init /home/jenkins/agent/workspace/lab3-elias-bahamondes # timeout=10
Fetching upstream changes from https://github.com/Cockfla/lab3.git
 > git --version # timeout=10
 > git --version # 'git version 2.47.3'
 > git fetch --tags --force --progress -- https://github.com/Cockfla/lab3.git +refs/heads/*:refs/remotes/origin/* # timeout=10
 > git config remote.origin.url https://github.com/Cockfla/lab3.git # timeout=10
 > git config --add remote.origin.fetch +refs/heads/*:refs/remotes/origin/* # timeout=10
Avoid second fetch
Checking out Revision 00bc84ef9e5f06d48f94eb3ee85e21621260b7ac (refs/remotes/origin/main)
 > git rev-parse refs/remotes/origin/main^{commit} # timeout=10
 > git config core.sparsecheckout # timeout=10
 > git checkout -f 00bc84ef9e5f06d48f94eb3ee85e21621260b7ac # timeout=10
Commit message: "RBAC: permitir pods/exec para el smoke test del deploy"
 > git rev-list --no-walk b9b00b0742dc68eba9c12708a7b279948735ac01 # timeout=10
[Pipeline] }
[Pipeline] // stage
[Pipeline] withEnv
[Pipeline] {
[Pipeline] container
[Pipeline] {
[Pipeline] withEnv
[Pipeline] {
[Pipeline] timeout
Timeout set to expire in 30 min
[Pipeline] {
[Pipeline] stage
[Pipeline] { (install)
[Pipeline] container
[Pipeline] {
[Pipeline] sh
+ node -v
v24.21.0
+ npm install -g pnpm@11.7.0

added 1 package in 2s

1 package is looking for funding
  run `npm fund` for details
+ pnpm -v
11.7.0
+ pnpm install --frozen-lockfile
? Verifying lockfile against supply-chain policies (670 entries)...
Lockfile is up to date, resolution step is skipped
Progress: resolved 1, reused 0, downloaded 0, added 0
Packages: +643
++++++++++++++++++++++++++++++++++++++++++++++++++++++++++++++++++++++++++++++++
Progress: resolved 643, reused 0, downloaded 0, added 0
Progress: resolved 643, reused 0, downloaded 178, added 8
Progress: resolved 643, reused 0, downloaded 323, added 23
Progress: resolved 643, reused 0, downloaded 529, added 46
Progress: resolved 643, reused 0, downloaded 643, added 168
Progress: resolved 643, reused 0, downloaded 643, added 403
Progress: resolved 643, reused 0, downloaded 643, added 643, done
✓ Lockfile passes supply-chain policies (670 entries in 8.9s)

dependencies:
+ @nestjs/common 11.1.24
+ @nestjs/core 11.1.24
+ @nestjs/platform-express 11.1.24
+ reflect-metadata 0.2.2
+ rxjs 7.8.2

devDependencies:
+ @eslint/eslintrc 3.3.5
+ @eslint/js 9.39.4
+ @nestjs/cli 11.0.21
+ @nestjs/schematics 11.1.0
+ @nestjs/testing 11.1.24
+ @types/express 5.0.6
+ @types/jest 30.0.0
+ @types/node 24.12.4
+ @types/supertest 7.2.0
+ eslint 9.39.4
+ eslint-config-prettier 10.1.8
+ eslint-plugin-prettier 5.5.6
+ globals 17.6.0
+ jest 30.4.2
+ prettier 3.8.3
+ source-map-support 0.5.21
+ supertest 7.2.2
+ ts-jest 29.4.11
+ ts-loader 9.6.0
+ ts-node 10.9.2
+ tsconfig-paths 4.2.0
+ typescript 5.9.3
+ typescript-eslint 8.60.0

Done in 10.1s using pnpm v11.7.0
[Pipeline] }
[Pipeline] // container
[Pipeline] }
[Pipeline] // stage
[Pipeline] stage
[Pipeline] { (test)
[Pipeline] container
[Pipeline] {
[Pipeline] sh
+ pnpm test
$ jest
PASS src/env-config.spec.ts
PASS src/app.controller.spec.ts

Test Suites: 2 passed, 2 total
Tests:       5 passed, 5 total
Snapshots:   0 total
Time:        1.823 s
Ran all test suites.
+ pnpm test:e2e
$ jest --config ./test/jest-e2e.json
PASS test/app.e2e-spec.ts
  AppController (e2e)
    ✓ / (GET) (249 ms)
    ✓ /lab (GET) (21 ms)

Test Suites: 1 passed, 1 total
Tests:       2 passed, 2 total
Snapshots:   0 total
Time:        1.614 s
Ran all test suites.
[Pipeline] }
[Pipeline] // container
[Pipeline] }
[Pipeline] // stage
[Pipeline] stage
[Pipeline] { (build)
[Pipeline] container
[Pipeline] {
[Pipeline] sh
+ seq 1 30
+ docker info
+ break
+ docker info --format 'Docker {{.ServerVersion}}'
Docker 29.8.2
+ docker build -t docker.io/cockfla/tarea-final:elias-bahamondes -t docker.io/cockfla/tarea-final:3.0.0 -t ghcr.io/cockfla/tarea-final:elias-bahamondes -t ghcr.io/cockfla/tarea-final:3.0.0 .
#0 building with "default" instance using docker driver

#1 [internal] load build definition from Dockerfile
#1 transferring dockerfile: 896B done
#1 DONE 0.0s

#2 [internal] load metadata for docker.io/library/node:24-alpine
#2 DONE 1.8s

#3 [internal] load .dockerignore
#3 transferring context: 215B done
#3 DONE 0.0s

#4 [build 1/8] FROM docker.io/library/node:24-alpine@sha256:ebfe2f90462722a7a4de65e91990e97fe0d401c70e0e762c5b53302f905ec1c1
#4 resolve docker.io/library/node:24-alpine@sha256:ebfe2f90462722a7a4de65e91990e97fe0d401c70e0e762c5b53302f905ec1c1 0.0s done
#4 ...

#5 [internal] load build context
#5 transferring context: 216.66kB done
#5 DONE 0.1s

#4 [build 1/8] FROM docker.io/library/node:24-alpine@sha256:ebfe2f90462722a7a4de65e91990e97fe0d401c70e0e762c5b53302f905ec1c1
#4 sha256:7ce7dcbafb7f750cf0c6be3c30e34372b06dd1182fa67f6ae30782c8150c5444 444B / 444B 0.1s done
#4 sha256:02f40d53b06f6b91fec0cd6a6719656da99270bff8ee54ed8dcdf4c157763fc1 0B / 1.26MB 0.3s
#4 sha256:3c504d5a797be28f9de43147d49cd8ecb2eea46dfaf7beb8715db695d5f0a7f0 0B / 56.52MB 0.2s
#4 sha256:e2de96513ba9eb53b431787ec8a65cdde380ac4772a3e4c4b714dcfde2a102b5 0B / 3.85MB 0.2s
#4 sha256:02f40d53b06f6b91fec0cd6a6719656da99270bff8ee54ed8dcdf4c157763fc1 1.26MB / 1.26MB 0.3s done
#4 sha256:3c504d5a797be28f9de43147d49cd8ecb2eea46dfaf7beb8715db695d5f0a7f0 4.19MB / 56.52MB 0.8s
#4 sha256:e2de96513ba9eb53b431787ec8a65cdde380ac4772a3e4c4b714dcfde2a102b5 1.05MB / 3.85MB 0.6s
#4 sha256:e2de96513ba9eb53b431787ec8a65cdde380ac4772a3e4c4b714dcfde2a102b5 3.85MB / 3.85MB 0.8s done
#4 extracting sha256:e2de96513ba9eb53b431787ec8a65cdde380ac4772a3e4c4b714dcfde2a102b5
#4 sha256:3c504d5a797be28f9de43147d49cd8ecb2eea46dfaf7beb8715db695d5f0a7f0 9.44MB / 56.52MB 1.1s
#4 extracting sha256:e2de96513ba9eb53b431787ec8a65cdde380ac4772a3e4c4b714dcfde2a102b5 0.2s done
#4 sha256:3c504d5a797be28f9de43147d49cd8ecb2eea46dfaf7beb8715db695d5f0a7f0 12.58MB / 56.52MB 1.2s
#4 sha256:3c504d5a797be28f9de43147d49cd8ecb2eea46dfaf7beb8715db695d5f0a7f0 15.73MB / 56.52MB 1.5s
#4 sha256:3c504d5a797be28f9de43147d49cd8ecb2eea46dfaf7beb8715db695d5f0a7f0 20.97MB / 56.52MB 1.8s
#4 sha256:3c504d5a797be28f9de43147d49cd8ecb2eea46dfaf7beb8715db695d5f0a7f0 25.17MB / 56.52MB 2.3s
#4 sha256:3c504d5a797be28f9de43147d49cd8ecb2eea46dfaf7beb8715db695d5f0a7f0 29.36MB / 56.52MB 2.7s
#4 sha256:3c504d5a797be28f9de43147d49cd8ecb2eea46dfaf7beb8715db695d5f0a7f0 33.55MB / 56.52MB 3.0s
#4 sha256:3c504d5a797be28f9de43147d49cd8ecb2eea46dfaf7beb8715db695d5f0a7f0 38.80MB / 56.52MB 3.3s
#4 sha256:3c504d5a797be28f9de43147d49cd8ecb2eea46dfaf7beb8715db695d5f0a7f0 41.94MB / 56.52MB 3.5s
#4 sha256:3c504d5a797be28f9de43147d49cd8ecb2eea46dfaf7beb8715db695d5f0a7f0 45.09MB / 56.52MB 3.6s
#4 sha256:3c504d5a797be28f9de43147d49cd8ecb2eea46dfaf7beb8715db695d5f0a7f0 48.23MB / 56.52MB 3.8s
#4 sha256:3c504d5a797be28f9de43147d49cd8ecb2eea46dfaf7beb8715db695d5f0a7f0 53.48MB / 56.52MB 4.1s
#4 sha256:3c504d5a797be28f9de43147d49cd8ecb2eea46dfaf7beb8715db695d5f0a7f0 56.52MB / 56.52MB 4.5s
#4 sha256:3c504d5a797be28f9de43147d49cd8ecb2eea46dfaf7beb8715db695d5f0a7f0 56.52MB / 56.52MB 4.7s done
#4 extracting sha256:3c504d5a797be28f9de43147d49cd8ecb2eea46dfaf7beb8715db695d5f0a7f0
#4 extracting sha256:3c504d5a797be28f9de43147d49cd8ecb2eea46dfaf7beb8715db695d5f0a7f0 1.6s done
#4 extracting sha256:02f40d53b06f6b91fec0cd6a6719656da99270bff8ee54ed8dcdf4c157763fc1
#4 extracting sha256:02f40d53b06f6b91fec0cd6a6719656da99270bff8ee54ed8dcdf4c157763fc1 0.1s done
#4 extracting sha256:7ce7dcbafb7f750cf0c6be3c30e34372b06dd1182fa67f6ae30782c8150c5444 0.0s done
#4 DONE 6.6s

#6 [build 2/8] WORKDIR /app
#6 DONE 0.4s

#7 [build 3/8] RUN npm install -g pnpm@11.7.0
#7 2.361 
#7 2.361 added 1 package in 2s
#7 2.361 
#7 2.361 1 package is looking for funding
#7 2.361   run `npm fund` for details
#7 2.364 npm notice
#7 2.364 npm notice New major version of npm available! 11.19.0 -> 12.2.0
#7 2.364 npm notice Changelog: https://github.com/npm/cli/releases/tag/v12.2.0
#7 2.364 npm notice To update run: npm install -g npm@12.2.0
#7 2.364 npm notice
#7 DONE 2.7s

#8 [build 4/8] COPY package.json pnpm-lock.yaml pnpm-workspace.yaml ./
#8 DONE 0.1s

#9 [build 5/8] RUN pnpm install --frozen-lockfile
#9 1.674 ? Verifying lockfile against supply-chain policies (670 entries)...
#9 1.690 Lockfile is up to date, resolution step is skipped
#9 1.938 Progress: resolved 1, reused 0, downloaded 0, added 0
#9 2.116 Packages: +643
#9 2.116 ++++++++++++++++++++++++++++++++++++++++++++++++++++++++++++++++++++++++++++++++
#9 2.946 Progress: resolved 643, reused 0, downloaded 0, added 0
#9 3.973 Progress: resolved 643, reused 0, downloaded 183, added 8
#9 5.042 Progress: resolved 643, reused 0, downloaded 311, added 20
#9 6.065 Progress: resolved 643, reused 0, downloaded 485, added 37
#9 7.069 Progress: resolved 643, reused 0, downloaded 643, added 121
#9 8.070 Progress: resolved 643, reused 0, downloaded 643, added 319
#9 9.074 Progress: resolved 643, reused 0, downloaded 643, added 543
#9 9.173 
#9 9.173    ╭─────────────────────────────────────────╮
#9 9.173    │                                         │
#9 9.173    │   Update available! 11.7.0 → 12.9.1.    │
#9 9.173    │   Changelog: https://pnpm.io/v/12.9.1   │
#9 9.173    │    To update, run: pnpm add -g pnpm     │
#9 9.173    │                                         │
#9 9.173    ╰─────────────────────────────────────────╯
#9 9.173 
#9 9.226 Progress: resolved 643, reused 0, downloaded 643, added 643, done
#9 11.39 ✓ Lockfile passes supply-chain policies (670 entries in 9.7s)
#9 11.51 
#9 11.51 dependencies:
#9 11.51 + @nestjs/common 11.1.24
#9 11.51 + @nestjs/core 11.1.24
#9 11.51 + @nestjs/platform-express 11.1.24
#9 11.51 + reflect-metadata 0.2.2
#9 11.51 + rxjs 7.8.2
#9 11.51 
#9 11.51 devDependencies:
#9 11.51 + @eslint/eslintrc 3.3.5
#9 11.51 + @eslint/js 9.39.4
#9 11.51 + @nestjs/cli 11.0.21
#9 11.51 + @nestjs/schematics 11.1.0
#9 11.51 + @nestjs/testing 11.1.24
#9 11.51 + @types/express 5.0.6
#9 11.51 + @types/jest 30.0.0
#9 11.51 + @types/node 24.12.4
#9 11.51 + @types/supertest 7.2.0
#9 11.51 + eslint 9.39.4
#9 11.51 + eslint-config-prettier 10.1.8
#9 11.51 + eslint-plugin-prettier 5.5.6
#9 11.51 + globals 17.6.0
#9 11.51 + jest 30.4.2
#9 11.51 + prettier 3.8.3
#9 11.51 + source-map-support 0.5.21
#9 11.51 + supertest 7.2.2
#9 11.51 + ts-jest 29.4.11
#9 11.51 + ts-loader 9.6.0
#9 11.51 + ts-node 10.9.2
#9 11.51 + tsconfig-paths 4.2.0
#9 11.51 + typescript 5.9.3
#9 11.51 + typescript-eslint 8.60.0
#9 11.51 
#9 11.59 Done in 11.3s using pnpm v11.7.0
#9 DONE 12.1s

#10 [build 6/8] COPY nest-cli.json tsconfig.json tsconfig.build.json ./
#10 DONE 0.3s

#11 [build 7/8] COPY src ./src
#11 DONE 0.0s

#12 [build 8/8] RUN pnpm build  && pnpm prune --prod
#12 1.000 $ nest build
#12 5.613 ✓ Lockfile passes supply-chain policies (verified 6s ago)
#12 5.621 Lockfile is up to date, resolution step is skipped
#12 5.699 Packages: -539
#12 5.699 --------------------------------------------------------------------------------
#12 11.44 
#12 11.44 devDependencies:
#12 11.44 - @eslint/eslintrc 3.3.5
#12 11.44 - @eslint/js 9.39.4
#12 11.44 - @nestjs/cli 11.0.21
#12 11.44 - @nestjs/schematics 11.1.0
#12 11.44 - @nestjs/testing 11.1.24
#12 11.44 - @types/express 5.0.6
#12 11.44 - @types/jest 30.0.0
#12 11.44 - @types/node 24.12.4
#12 11.44 - @types/supertest 7.2.0
#12 11.44 - eslint 9.39.4
#12 11.44 - eslint-config-prettier 10.1.8
#12 11.44 - eslint-plugin-prettier 5.5.6
#12 11.44 - globals 17.6.0
#12 11.44 - jest 30.4.2
#12 11.44 - prettier 3.8.3
#12 11.44 - source-map-support 0.5.21
#12 11.44 - supertest 7.2.2
#12 11.44 - ts-jest 29.4.11
#12 11.44 - ts-loader 9.6.0
#12 11.44 - ts-node 10.9.2
#12 11.44 - tsconfig-paths 4.2.0
#12 11.44 - typescript 5.9.3
#12 11.44 - typescript-eslint 8.60.0
#12 11.44 
#12 DONE 11.5s

#13 [runtime 3/5] COPY --from=build --chown=node:node /app/package.json ./
#13 DONE 0.0s

#14 [runtime 4/5] COPY --from=build --chown=node:node /app/node_modules ./node_modules
#14 DONE 0.7s

#15 [runtime 5/5] COPY --from=build --chown=node:node /app/dist ./dist
#15 DONE 0.1s

#16 exporting to image
#16 exporting layers
#16 exporting layers 0.7s done
#16 exporting manifest sha256:b483c72c9ba5b57facc94b949540ee78742752e841a993df86e87bb19eb5034d 0.0s done
#16 exporting config sha256:11e31650b187deeebe2f06a363f942bdc2309e38689470405781f08da357a650 0.0s done
#16 exporting attestation manifest sha256:2100f827d813062fdf2210f7054ca659edad00272e2b4476f3eacd531d1ff383
#16 exporting attestation manifest sha256:2100f827d813062fdf2210f7054ca659edad00272e2b4476f3eacd531d1ff383 0.2s done
#16 exporting manifest list sha256:00220ae2a805e42ac5f883177043a2e2c112873c4e8c57f9c20fe75f18d52a46
#16 exporting manifest list sha256:00220ae2a805e42ac5f883177043a2e2c112873c4e8c57f9c20fe75f18d52a46 0.0s done
#16 naming to docker.io/cockfla/tarea-final:elias-bahamondes done
#16 unpacking to docker.io/cockfla/tarea-final:elias-bahamondes
#16 unpacking to docker.io/cockfla/tarea-final:elias-bahamondes 2.9s done
#16 naming to docker.io/cockfla/tarea-final:3.0.0 done
#16 unpacking to docker.io/cockfla/tarea-final:3.0.0 0.0s done
#16 naming to ghcr.io/cockfla/tarea-final:elias-bahamondes done
#16 unpacking to ghcr.io/cockfla/tarea-final:elias-bahamondes 0.0s done
#16 naming to ghcr.io/cockfla/tarea-final:3.0.0 done
#16 unpacking to ghcr.io/cockfla/tarea-final:3.0.0 0.0s done
#16 DONE 4.1s
WARNING: current commit information was not captured by the build: failed to read current commit information with git rev-parse --is-inside-work-tree
+ docker image ls
+ grep tarea-final
cockfla/tarea-final:3.0.0                      00220ae2a805        268MB         63.9MB        
cockfla/tarea-final:elias-bahamondes           00220ae2a805        268MB         63.9MB        
ghcr.io/cockfla/tarea-final:3.0.0              00220ae2a805        268MB         63.9MB        
ghcr.io/cockfla/tarea-final:elias-bahamondes   00220ae2a805        268MB         63.9MB        
[Pipeline] }
[Pipeline] // container
[Pipeline] }
[Pipeline] // stage
[Pipeline] stage
[Pipeline] { (push)
[Pipeline] container
[Pipeline] {
[Pipeline] withCredentials
Masking supported pattern matches of $REG_PASS
[Pipeline] {
[Pipeline] sh
+ echo ****
+ docker login docker.io -u cockfla --password-stdin

WARNING! Your credentials are stored unencrypted in '/root/.docker/config.json'.
Configure a credential helper to remove this warning. See
https://docs.docker.com/go/credential-store/

Login Succeeded
+ docker push docker.io/cockfla/tarea-final:elias-bahamondes
The push refers to repository [docker.io/cockfla/tarea-final]
3c504d5a797b: Waiting
84a6b3e10a1a: Waiting
e2de96513ba9: Waiting
44136fa355b3: Waiting
3c504d5a797b: Waiting
84a6b3e10a1a: Waiting
e2de96513ba9: Waiting
44136fa355b3: Waiting
3c504d5a797b: Waiting
84a6b3e10a1a: Waiting
e2de96513ba9: Waiting
44136fa355b3: Waiting
3c504d5a797b: Waiting
84a6b3e10a1a: Waiting
e2de96513ba9: Waiting
44136fa355b3: Waiting
3c504d5a797b: Waiting
84a6b3e10a1a: Waiting
e2de96513ba9: Waiting
44136fa355b3: Waiting
3c504d5a797b: Waiting
84a6b3e10a1a: Waiting
e2de96513ba9: Waiting
44136fa355b3: Waiting
e2de96513ba9: Waiting
44136fa355b3: Waiting
3c504d5a797b: Waiting
84a6b3e10a1a: Waiting
e2de96513ba9: Waiting
44136fa355b3: Waiting
02f40d53b06f: Waiting
3c504d5a797b: Layer already exists
84a6b3e10a1a: Waiting
7ce7dcbafb7f: Waiting
84a6b3e10a1a: Waiting
e2de96513ba9: Layer already exists
44136fa355b3: Already exists
02f40d53b06f: Waiting
af41a8e333ed: Waiting
84a6b3e10a1a: Waiting
229f503fbd41: Waiting
02f40d53b06f: Layer already exists
af41a8e333ed: Waiting
7ce7dcbafb7f: Waiting
af41a8e333ed: Waiting
7ce7dcbafb7f: Waiting
229f503fbd41: Waiting
96048a3596e0: Waiting
af41a8e333ed: Waiting
7ce7dcbafb7f: Layer already exists
229f503fbd41: Waiting
af41a8e333ed: Waiting
229f503fbd41: Waiting
96048a3596e0: Waiting
96048a3596e0: Waiting
9c30a22682b7: Waiting
84a6b3e10a1a: Pushed
9c30a22682b7: Waiting
af41a8e333ed: Pushed
9c30a22682b7: Waiting
229f503fbd41: Pushed
96048a3596e0: Pushed
9c30a22682b7: Pushed
elias-bahamondes: digest: sha256:00220ae2a805e42ac5f883177043a2e2c112873c4e8c57f9c20fe75f18d52a46 size: 856
+ docker push docker.io/cockfla/tarea-final:3.0.0
The push refers to repository [docker.io/cockfla/tarea-final]
3c504d5a797b: Waiting
84a6b3e10a1a: Waiting
e2de96513ba9: Waiting
44136fa355b3: Waiting
44136fa355b3: Waiting
3c504d5a797b: Waiting
84a6b3e10a1a: Waiting
e2de96513ba9: Waiting
3c504d5a797b: Waiting
84a6b3e10a1a: Waiting
e2de96513ba9: Waiting
44136fa355b3: Waiting
3c504d5a797b: Waiting
84a6b3e10a1a: Waiting
e2de96513ba9: Waiting
44136fa355b3: Waiting
e2de96513ba9: Waiting
44136fa355b3: Waiting
3c504d5a797b: Waiting
84a6b3e10a1a: Waiting
3c504d5a797b: Waiting
84a6b3e10a1a: Waiting
e2de96513ba9: Waiting
44136fa355b3: Waiting
3c504d5a797b: Waiting
84a6b3e10a1a: Waiting
e2de96513ba9: Waiting
44136fa355b3: Waiting
02f40d53b06f: Waiting
7ce7dcbafb7f: Waiting
3c504d5a797b: Waiting
84a6b3e10a1a: Already exists
e2de96513ba9: Waiting
44136fa355b3: Already exists
af41a8e333ed: Waiting
e2de96513ba9: Layer already exists
229f503fbd41: Waiting
02f40d53b06f: Waiting
7ce7dcbafb7f: Waiting
3c504d5a797b: Layer already exists
96048a3596e0: Waiting
af41a8e333ed: Layer already exists
9c30a22682b7: Waiting
229f503fbd41: Layer already exists
02f40d53b06f: Layer already exists
7ce7dcbafb7f: Layer already exists
9c30a22682b7: Waiting
96048a3596e0: Waiting
9c30a22682b7: Layer already exists
96048a3596e0: Layer already exists
3.0.0: digest: sha256:00220ae2a805e42ac5f883177043a2e2c112873c4e8c57f9c20fe75f18d52a46 size: 856
+ docker logout docker.io
Removing login credentials for docker.io
[Pipeline] }
[Pipeline] // withCredentials
[Pipeline] withCredentials
Masking supported pattern matches of $REG_PASS
[Pipeline] {
[Pipeline] sh
+ echo ****
+ docker login ghcr.io -u Cockfla --password-stdin

WARNING! Your credentials are stored unencrypted in '/root/.docker/config.json'.
Configure a credential helper to remove this warning. See
https://docs.docker.com/go/credential-store/

Login Succeeded
+ docker push ghcr.io/cockfla/tarea-final:elias-bahamondes
The push refers to repository [ghcr.io/cockfla/tarea-final]
3c504d5a797b: Waiting
44136fa355b3: Waiting
84a6b3e10a1a: Waiting
e2de96513ba9: Waiting
3c504d5a797b: Waiting
44136fa355b3: Waiting
84a6b3e10a1a: Waiting
e2de96513ba9: Waiting
44136fa355b3: Waiting
84a6b3e10a1a: Waiting
e2de96513ba9: Waiting
3c504d5a797b: Waiting
44136fa355b3: Waiting
84a6b3e10a1a: Waiting
e2de96513ba9: Waiting
3c504d5a797b: Waiting
3c504d5a797b: Waiting
44136fa355b3: Waiting
84a6b3e10a1a: Waiting
e2de96513ba9: Waiting
3c504d5a797b: Waiting
44136fa355b3: Waiting
84a6b3e10a1a: Waiting
e2de96513ba9: Waiting
44136fa355b3: Waiting
84a6b3e10a1a: Waiting
e2de96513ba9: Waiting
3c504d5a797b: Waiting
3c504d5a797b: Waiting
44136fa355b3: Waiting
84a6b3e10a1a: Waiting
e2de96513ba9: Waiting
3c504d5a797b: Waiting
44136fa355b3: Waiting
84a6b3e10a1a: Waiting
e2de96513ba9: Waiting
3c504d5a797b: Waiting
44136fa355b3: Waiting
84a6b3e10a1a: Waiting
e2de96513ba9: Waiting
44136fa355b3: Already exists
84a6b3e10a1a: Waiting
e2de96513ba9: Waiting
02f40d53b06f: Waiting
3c504d5a797b: Waiting
af41a8e333ed: Waiting
3c504d5a797b: Layer already exists
7ce7dcbafb7f: Waiting
84a6b3e10a1a: Waiting
e2de96513ba9: Layer already exists
02f40d53b06f: Waiting
7ce7dcbafb7f: Waiting
84a6b3e10a1a: Waiting
02f40d53b06f: Layer already exists
af41a8e333ed: Waiting
229f503fbd41: Waiting
229f503fbd41: Waiting
7ce7dcbafb7f: Layer already exists
96048a3596e0: Waiting
af41a8e333ed: Waiting
229f503fbd41: Waiting
96048a3596e0: Waiting
af41a8e333ed: Waiting
96048a3596e0: Waiting
af41a8e333ed: Waiting
229f503fbd41: Waiting
229f503fbd41: Waiting
96048a3596e0: Waiting
96048a3596e0: Waiting
229f503fbd41: Waiting
96048a3596e0: Waiting
9c30a22682b7: Waiting
84a6b3e10a1a: Pushed
9c30a22682b7: Waiting
9c30a22682b7: Waiting
af41a8e333ed: Pushed
9c30a22682b7: Waiting
9c30a22682b7: Waiting
229f503fbd41: Pushed
96048a3596e0: Pushed
9c30a22682b7: Pushed
elias-bahamondes: digest: sha256:00220ae2a805e42ac5f883177043a2e2c112873c4e8c57f9c20fe75f18d52a46 size: 856
+ docker push ghcr.io/cockfla/tarea-final:3.0.0
The push refers to repository [ghcr.io/cockfla/tarea-final]
e2de96513ba9: Waiting
3c504d5a797b: Waiting
44136fa355b3: Waiting
84a6b3e10a1a: Waiting
3c504d5a797b: Waiting
44136fa355b3: Waiting
84a6b3e10a1a: Waiting
e2de96513ba9: Waiting
3c504d5a797b: Waiting
44136fa355b3: Waiting
84a6b3e10a1a: Waiting
e2de96513ba9: Waiting
44136fa355b3: Waiting
84a6b3e10a1a: Waiting
e2de96513ba9: Waiting
3c504d5a797b: Waiting
3c504d5a797b: Waiting
44136fa355b3: Waiting
84a6b3e10a1a: Waiting
e2de96513ba9: Waiting
3c504d5a797b: Waiting
44136fa355b3: Waiting
84a6b3e10a1a: Waiting
e2de96513ba9: Waiting
e2de96513ba9: Waiting
3c504d5a797b: Waiting
44136fa355b3: Waiting
84a6b3e10a1a: Waiting
3c504d5a797b: Waiting
44136fa355b3: Waiting
84a6b3e10a1a: Waiting
e2de96513ba9: Waiting
e2de96513ba9: Waiting
3c504d5a797b: Waiting
44136fa355b3: Waiting
84a6b3e10a1a: Waiting
3c504d5a797b: Waiting
44136fa355b3: Waiting
84a6b3e10a1a: Waiting
e2de96513ba9: Layer already exists
02f40d53b06f: Waiting
02f40d53b06f: Waiting
3c504d5a797b: Waiting
44136fa355b3: Waiting
84a6b3e10a1a: Waiting
7ce7dcbafb7f: Waiting
02f40d53b06f: Waiting
af41a8e333ed: Waiting
229f503fbd41: Waiting
96048a3596e0: Waiting
3c504d5a797b: Layer already exists
44136fa355b3: Already exists
84a6b3e10a1a: Already exists
7ce7dcbafb7f: Waiting
7ce7dcbafb7f: Layer already exists
02f40d53b06f: Layer already exists
af41a8e333ed: Waiting
229f503fbd41: Waiting
96048a3596e0: Waiting
9c30a22682b7: Waiting
af41a8e333ed: Layer already exists
229f503fbd41: Waiting
96048a3596e0: Waiting
9c30a22682b7: Waiting
229f503fbd41: Layer already exists
96048a3596e0: Layer already exists
9c30a22682b7: Waiting
9c30a22682b7: Layer already exists
3.0.0: digest: sha256:00220ae2a805e42ac5f883177043a2e2c112873c4e8c57f9c20fe75f18d52a46 size: 856
+ docker logout ghcr.io
Removing login credentials for ghcr.io
[Pipeline] }
[Pipeline] // withCredentials
[Pipeline] }
[Pipeline] // container
[Pipeline] }
[Pipeline] // stage
[Pipeline] stage
[Pipeline] { (deploy)
[Pipeline] container
[Pipeline] {
[Pipeline] sh
+ kubectl apply -f entrega.yaml
namespace/ns-elias-bahamondes unchanged
configmap/config-elias-bahamondes unchanged
secret/secret-elias-bahamondes configured
deployment.apps/app-elias-bahamondes unchanged
service/svc-elias-bahamondes unchanged
+ kubectl rollout restart deployment/app-elias-bahamondes -n ns-elias-bahamondes
deployment.apps/app-elias-bahamondes restarted
+ kubectl rollout status deployment/app-elias-bahamondes -n ns-elias-bahamondes '--timeout=180s'
Waiting for deployment "app-elias-bahamondes" rollout to finish: 1 out of 2 new replicas have been updated...
Waiting for deployment "app-elias-bahamondes" rollout to finish: 1 out of 2 new replicas have been updated...
Waiting for deployment "app-elias-bahamondes" rollout to finish: 1 out of 2 new replicas have been updated...
Waiting for deployment "app-elias-bahamondes" rollout to finish: 1 old replicas are pending termination...
Waiting for deployment "app-elias-bahamondes" rollout to finish: 1 old replicas are pending termination...
deployment "app-elias-bahamondes" successfully rolled out
+ kubectl get deployment,pods,svc,configmap,secret -n ns-elias-bahamondes
NAME                                   READY   UP-TO-DATE   AVAILABLE   AGE
deployment.apps/app-elias-bahamondes   2/2     2            2           35m

NAME                                        READY   STATUS        RESTARTS   AGE
pod/app-elias-bahamondes-5fbdc4fd78-2hpgd   1/1     Terminating   0          2m35s
pod/app-elias-bahamondes-5fbdc4fd78-snplg   1/1     Terminating   0          2m29s
pod/app-elias-bahamondes-5fcc6cb9f5-5j9dl   1/1     Running       0          7s
pod/app-elias-bahamondes-5fcc6cb9f5-f45mn   1/1     Running       0          12s

NAME                           TYPE        CLUSTER-IP     EXTERNAL-IP   PORT(S)   AGE
service/svc-elias-bahamondes   ClusterIP   10.96.138.66   <none>        80/TCP    35m

NAME                                DATA   AGE
configmap/config-elias-bahamondes   1      35m
configmap/kube-root-ca.crt          1      35m

NAME                             TYPE     DATA   AGE
secret/secret-elias-bahamondes   Opaque   1      35m
+ echo 'Smoke test /lab desde el pod:'
Smoke test /lab desde el pod:
+ kubectl exec deployment/app-elias-bahamondes -n ns-elias-bahamondes -- wget -qO- http://localhost:3000/lab
{"AMBIENTE":"laboratorio-elias-bahamondes","API_KEY":"api-key-elias-bahamondes-2026"}+ echo

[Pipeline] }
[Pipeline] // container
[Pipeline] }
[Pipeline] // stage
[Pipeline] stage
[Pipeline] { (Declarative: Post Actions)
[Pipeline] echo
Pipeline OK: docker.io/cockfla/tarea-final:elias-bahamondes (3.0.0) desplegada en ns-elias-bahamondes
[Pipeline] }
[Pipeline] // stage
[Pipeline] }
[Pipeline] // timeout
[Pipeline] }
[Pipeline] // withEnv
[Pipeline] }
[Pipeline] // container
[Pipeline] }
[Pipeline] // withEnv
[Pipeline] }
[Pipeline] // node
[Pipeline] }
[Pipeline] // podTemplate
[Pipeline] End of Pipeline
Finished: SUCCESS
